# serializer version: 1
# name: test_hello_world
  '''
  Hello, Peter!
  
  '''
# ---
