# serializer version: 1
# name: test_async_function
  'Hello, World!'
# ---
